// Jest Snapshot v1, https://goo.gl/fbAQLP

exports[`Test PokemonPage should match snapshot 1`] = `<h1>Espere porfavor</h1>`;
