// Jest Snapshot v1, https://goo.gl/fbAQLP

exports[`PokemonPicture Component Tests Should match snapshot 1`] = `
<div class="container-pokemon"><img class="hidden-pokemon" src="https://raw.githubusercontent.com/PokeAPI/sprites/master/sprites/pokemon/other/dream-world/1.svg" alt="pokemon">
  <!--v-if-->
</div>
`;
